// Jest Snapshot v1, https://goo.gl/fbAQLP

exports[`Header 1`] = `
<header>
  <h1>
    Budget
  </h1>
  <NavLink
    activeClassName="is-active"
    exact={true}
    to="/"
  >
    Home
  </NavLink>
  <NavLink
    activeClassName="is-active"
    exact={true}
    to="/create"
  >
    Add Expense
  </NavLink>
  <button
    onClick={[Function]}
  >
    Logout
  </button>
</header>
`;
